<?xml version="1.0" encoding="UTF-8"?>
<dataset>
	<CARTS id = '1' amount='430'></CARTS>
	<CARTS id = '2' amount='39'></CARTS>
	<CARTS id = '3' amount='120'></CARTS>
	<CARTS id = '4' amount='0'></CARTS>
</dataset>