<?xml version="1.0" encoding="UTF-8"?>
<dataset>
	<CARTS id = '1' amount='386'></CARTS>
	<CARTS id = '2' amount='39'></CARTS>
	<CARTS id = '3' amount='179'></CARTS>
	<CARTS id = '4' amount='0'></CARTS>
	<CARTS id = '5' amount='151'></CARTS>
	<CARTS id = '6' amount='48'></CARTS>
</dataset>
