<?xml version="1.0" encoding="UTF-8"?>
<dataset>
	<CARTS id = '1' amount='386'></CARTS>
	<CARTS id = '3' amount='179'></CARTS>
	<CARTS id = '4' amount='0'></CARTS>
</dataset>