<?xml version="1.0" encoding="UTF-8"?>
<dataset>
	<GESTORI_CATALOGO username = 'DarMoccia' name = 'Dario' surname = 'Moccia' email = 'darMoccia@gmail.com' pass_word = '5fc35d28951c7bf323b8fff9885562ed' ral ='1500' roles = 'gestCat'></GESTORI_CATALOGO>
	<GESTORI_CATALOGO username = 'MasVarriale' name = 'Massimo' surname = 'Varriale' email = 'MasVar@gmail.com' pass_word = '6537dc2c9654109f741cd01878c8f403' ral ='1400' roles = 'gestCat'></GESTORI_CATALOGO>
	<GESTORI_CATALOGO username = 'NickMir' name = 'Nicola' surname = 'Mirra' email = 'nick991@gmail.com' pass_word = '978fcb711db674bd12a09597dd411a75' ral ='1400' roles = 'gestCat'></GESTORI_CATALOGO> 
</dataset>